// Jest Snapshot v1, https://goo.gl/fbAQLP

exports[`renders a snapshot 1`] = `
<div
  className="card"
  style={
    Object {
      "width": "18rem",
    }
  }
>
  <div
    className="card-body"
  >
    <div
      className="card-title h5"
    >
      AndrewRink
    </div>
    <img
      src="https://scontent-atl3-2.xx.fbcdn.net/v/t39.30808-6/310971334_10158925996203030_2382718470560189847_n.jpg?_nc_cat=102&ccb=1-7&_nc_sid=09cbfe&_nc_ohc=eJ_j2PDseRoAX9qD1-Z&_nc_ht=scontent-atl3-2.xx&oh=00_AfB0ZyHfXp2Uvg7h3Irxz2wFOhRcWuc3Xo7s-hyO6CZ5wg&oe=63CDDC88"
      style={
        Object {
          "height": "70%",
          "width": "70%",
        }
      }
    />
    <p
      className="card-text"
    >
      Andrew lives near Charlotte, NC with his wife and three children.  He is excited about his new career path.
    </p>
  </div>
</div>
`;
